// Jest Snapshot v1, https://goo.gl/fbAQLP

exports[`App should render correctly in "debug" mode 1`] = `
<TextTyper
  content="This is The Text Typer component. It was made to practice Jest and Enzyme testing. It a simply small component to type the text you wish."
  delay={0}
  interval={100}
/>
`;
